typed_choice_eval.py: OK
{"status": "ready", "provider": "official_jev"}Preserving completed task 2; skip.
Preserving completed task 3; skip.
Preserving completed task 4; skip.
{"suite": "libero_object_swap", "task": 5, "seed": 0, "provider": "jev", "official_success": false, "decisions": 15, "max_decisions": 15, "pi0_pick_calls": 13, "pi0_pick_segmented_before_count": 13, "pi0_pick_segmented_before_all": true, "trace": "results/main15_v2_completion_20260929/jev/libero_object_swap/task_5_seed_0/choices.jsonl", "video": "results/main15_v2_completion_20260929/jev/libero_object_swap/task_5_seed_0/episode.mp4"}
Traceback (most recent call last):
  File "/public/home/sunyihan/rpent_libero_eval/typed_choice_eval.py", line 141, in score
    with urlopen(request, timeout=180) as response:
  File "/public/home/sunyihan/.local/share/uv/python/cpython-3.10.19-linux-x86_64-gnu/lib/python3.10/urllib/request.py", line 216, in urlopen
    return opener.open(url, data, timeout)
  File "/public/home/sunyihan/.local/share/uv/python/cpython-3.10.19-linux-x86_64-gnu/lib/python3.10/urllib/request.py", line 525, in open
    response = meth(req, response)
  File "/public/home/sunyihan/.local/share/uv/python/cpython-3.10.19-linux-x86_64-gnu/lib/python3.10/urllib/request.py", line 634, in http_response
    response = self.parent.error(
  File "/public/home/sunyihan/.local/share/uv/python/cpython-3.10.19-linux-x86_64-gnu/lib/python3.10/urllib/request.py", line 563, in error
    return self._call_chain(*args)
  File "/public/home/sunyihan/.local/share/uv/python/cpython-3.10.19-linux-x86_64-gnu/lib/python3.10/urllib/request.py", line 496, in _call_chain
    result = func(*args)
  File "/public/home/sunyihan/.local/share/uv/python/cpython-3.10.19-linux-x86_64-gnu/lib/python3.10/urllib/request.py", line 643, in http_error_default
    raise HTTPError(req.full_url, code, msg, hdrs, fp)
urllib.error.HTTPError: HTTP Error 422: Unprocessable Entity

The above exception was the direct cause of the following exception:

Traceback (most recent call last):
  File "/public/home/sunyihan/rpent_libero_eval/typed_choice_eval.py", line 407, in <module>
    main()
  File "/public/home/sunyihan/rpent_libero_eval/typed_choice_eval.py", line 400, in main
    result = run_episode(args)
  File "/public/home/sunyihan/rpent_libero_eval/typed_choice_eval.py", line 313, in run_episode
    action, stages = choose(scorer, context, actions)
  File "/public/home/sunyihan/rpent_libero_eval/typed_choice_eval.py", line 161, in choose
    answer = scorer.score(
  File "/public/home/sunyihan/rpent_libero_eval/typed_choice_eval.py", line 145, in score
    raise RuntimeError(f"choice service HTTP {error.code}: {detail}") from error
RuntimeError: choice service HTTP 422: {"error": "HTTP 520: {\"type\":\"https://developers.cloudflare.com/support/troubleshooting/http-status-codes/cloudflare-5xx-errors/error-520/\",\"title\":\"Error 520: Web server is returning an unknown error\",\"status\":520,\"detail\":\"The origin web server sent a response that Cloudflare could not parse. This may indicate the origin returned an empty response, malformed HTTP headers, or an otherwise invalid response.\",\"instance\":\"a42d27749bb0a67c\",\"error_code\":520,\"error_name\":\"unknown_origin_error\",\"error_category\":\"origin\",\"ray_id\":\"a42d27749bb0a67c\",\"timestamp\":\"2026-09-29T18:47:39Z\",\"zone\":\"api.typesafe.ai\",\"cloudflare_error\":true,\"retryable\":true,\"retry_after\":60,\"owner_action_required\":true,\"what_you_should_do\":\"**Wait and retry.** Back off for at least 60 seconds. If the error persists, the website operator should check the origin server error logs and submit them to Cloudflare support.\",\"footer\":\"This error was generated by Cloudflare on behalf of the website owner.\"}\n"}
