/public/home/sunyihan/rpent_libero_eval/.venv/lib/python3.10/site-packages/rlinf/utils/omega_resolver.py:25: UserWarning: register_new_resolver() is deprecated and will be removed in a future release.
Use register_resolver() instead.
See https://github.com/omry/omegaconf/issues/426 for migration instructions.

  OmegaConf.register_new_resolver("multiply", lambda x, y: x * y)
/public/home/sunyihan/rpent_libero_eval/.venv/lib/python3.10/site-packages/rlinf/utils/omega_resolver.py:26: UserWarning: register_new_resolver() is deprecated and will be removed in a future release.
Use register_resolver() instead.
See https://github.com/omry/omegaconf/issues/426 for migration instructions.

  OmegaConf.register_new_resolver("int_div", lambda x, y: x // y)
/public/home/sunyihan/rpent_libero_eval/.venv/lib/python3.10/site-packages/rlinf/utils/omega_resolver.py:27: UserWarning: register_new_resolver() is deprecated and will be removed in a future release.
Use register_resolver() instead.
See https://github.com/omry/omegaconf/issues/426 for migration instructions.

  OmegaConf.register_new_resolver("subtract", lambda x, y: x - y)
/public/home/sunyihan/rpent_libero_eval/.venv/lib/python3.10/site-packages/rlinf/utils/omega_resolver.py:28: UserWarning: register_new_resolver() is deprecated and will be removed in a future release.
Use register_resolver() instead.
See https://github.com/omry/omegaconf/issues/426 for migration instructions.

  OmegaConf.register_new_resolver("not", lambda x: not bool(x))
/public/home/sunyihan/rpent_libero_eval/.venv/lib/python3.10/site-packages/rlinf/utils/omega_resolver.py:29: UserWarning: register_new_resolver() is deprecated and will be removed in a future release.
Use register_resolver() instead.
See https://github.com/omry/omegaconf/issues/426 for migration instructions.

  OmegaConf.register_new_resolver(
